
There are no discarded input sections

Memory Configuration

Name             Origin             Length             Attributes
flash            0x08000000         0x00020000         xr
SRAM             0x20000000         0x00005000         xrw
*default*        0x00000000         0xffffffff

Linker script and memory map


.text           0x08000000      0x12b
 *(.vectors*)
 .vectors       0x08000000       0x1c startup.o
                0x08000000                vectors
 *(.text*)
 .text          0x0800001c       0x7c main.o
                0x0800001c                main
 .text          0x08000098       0x90 startup.o
                0x08000098                Reset_Handler
                0x0800011c                MM_Fault_Handler
                0x0800011c                Bus_Fault
                0x0800011c                Default_Handler
                0x0800011c                H_fault_Handler
                0x0800011c                Usage_Fault_Handler
                0x0800011c                NMI_Handler
 *(.rodata)
 .rodata        0x08000128        0x3 main.o
                0x08000128                const_variables
                0x0800012b                        _E_text = .

.glue_7         0x0800012c        0x0
 .glue_7        0x0800012c        0x0 linker stubs

.glue_7t        0x0800012c        0x0
 .glue_7t       0x0800012c        0x0 linker stubs

.vfp11_veneer   0x0800012c        0x0
 .vfp11_veneer  0x0800012c        0x0 linker stubs

.v4_bx          0x0800012c        0x0
 .v4_bx         0x0800012c        0x0 linker stubs

.iplt           0x0800012c        0x0
 .iplt          0x0800012c        0x0 main.o

.rel.dyn        0x0800012c        0x0
 .rel.iplt      0x0800012c        0x0 main.o

.data           0x20000000        0x8 load address 0x0800012b
                0x20000000                        _S_DATA = .
 *(.data)
 .data          0x20000000        0x7 main.o
                0x20000000                ODR_A
                0x20000004                g_variables
 .data          0x20000007        0x0 startup.o
                0x20000008                        . = ALIGN (0x4)
 *fill*         0x20000007        0x1 
                0x20000008                        _E_DATA = .

.igot.plt       0x20000008        0x0 load address 0x08000133
 .igot.plt      0x20000008        0x0 main.o

.bss            0x20000008     0x1004 load address 0x08000133
                0x20000008                        _S_bss = .
 *(.bss)
 .bss           0x20000008        0x3 main.o
                0x20000008                bss_var
 .bss           0x2000000b        0x0 startup.o
                0x2000000b                        _E_bss = .
                0x2000000c                        . = ALIGN (0x4)
 *fill*         0x2000000b        0x1 
                0x2000100c                        . = (. + 0x1000)
 *fill*         0x2000000c     0x1000 
                0x2000100c                        _stack_top = .
LOAD main.o
LOAD startup.o
OUTPUT(Learn_in_depth_cortex_m3.elf elf32-littlearm)
LOAD linker stubs

.debug_info     0x00000000      0x491
 .debug_info    0x00000000      0x2ca main.o
 .debug_info    0x000002ca      0x1c7 startup.o

.debug_abbrev   0x00000000      0x200
 .debug_abbrev  0x00000000      0x109 main.o
 .debug_abbrev  0x00000109       0xf7 startup.o

.debug_loc      0x00000000       0xb4
 .debug_loc     0x00000000       0x38 main.o
 .debug_loc     0x00000038       0x7c startup.o

.debug_aranges  0x00000000       0x40
 .debug_aranges
                0x00000000       0x20 main.o
 .debug_aranges
                0x00000020       0x20 startup.o

.debug_line     0x00000000      0x1e0
 .debug_line    0x00000000       0xe8 main.o
 .debug_line    0x000000e8       0xf8 startup.o

.debug_str      0x00000000      0x274
 .debug_str     0x00000000      0x274 main.o
                                0x22c (size before relaxing)
 .debug_str     0x00000274      0x20a startup.o

.comment        0x00000000       0x46
 .comment       0x00000000       0x46 main.o
                                 0x47 (size before relaxing)
 .comment       0x00000046       0x47 startup.o

.ARM.attributes
                0x00000000       0x2d
 .ARM.attributes
                0x00000000       0x2d main.o
 .ARM.attributes
                0x0000002d       0x2d startup.o

.debug_frame    0x00000000       0x7c
 .debug_frame   0x00000000       0x2c main.o
 .debug_frame   0x0000002c       0x50 startup.o
