
There are no discarded input sections

Memory Configuration

Name             Origin             Length             Attributes
flash            0x00000000         0x20000000         xr
SRAM             0x20000000         0x20000000         xrw
*default*        0x00000000         0xffffffff

Linker script and memory map


.text           0x00000000      0x110
 *(.vectors*)
 .vectors       0x00000000       0x10 startup.o
                0x00000000                g_ptr_fun_Vectors
 *(.text*)
 .text          0x00000010       0x70 main.o
                0x00000010                main
 .text          0x00000080       0x90 startup.o
                0x00000080                Reset_Handler
                0x00000104                Default_Handler
                0x00000104                H_fault_Handler
                0x00000104                NMI_Handler
 *(.rodata)
                0x00000110                        _E_text = .

.glue_7         0x00000110        0x0
 .glue_7        0x00000110        0x0 linker stubs

.glue_7t        0x00000110        0x0
 .glue_7t       0x00000110        0x0 linker stubs

.vfp11_veneer   0x00000110        0x0
 .vfp11_veneer  0x00000110        0x0 linker stubs

.v4_bx          0x00000110        0x0
 .v4_bx         0x00000110        0x0 linker stubs

.iplt           0x00000110        0x0
 .iplt          0x00000110        0x0 startup.o

.rel.dyn        0x00000110        0x0
 .rel.iplt      0x00000110        0x0 startup.o

.data           0x20000000        0x0 load address 0x00000110
                0x20000000                        _S_DATA = .
 *(.data)
 .data          0x20000000        0x0 main.o
 .data          0x20000000        0x0 startup.o
                0x20000000                        . = ALIGN (0x4)
                0x20000000                        _E_DATA = .

.igot.plt       0x20000000        0x0 load address 0x00000110
 .igot.plt      0x20000000        0x0 startup.o

.bss            0x20000000      0x400 load address 0x00000110
                0x20000000                        _S_bss = .
 *(.bss)
 .bss           0x20000000        0x0 main.o
 .bss           0x20000000      0x400 startup.o
                0x20000400                        _E_bss = .
LOAD main.o
LOAD startup.o
OUTPUT(Unit3_Lab4_CortexM4.elf elf32-littlearm)
LOAD linker stubs

.debug_info     0x00000000      0x259
 .debug_info    0x00000000       0x67 main.o
 .debug_info    0x00000067      0x1f2 startup.o

.debug_abbrev   0x00000000      0x168
 .debug_abbrev  0x00000000       0x5e main.o
 .debug_abbrev  0x0000005e      0x10a startup.o

.debug_loc      0x00000000       0xb4
 .debug_loc     0x00000000       0x38 main.o
 .debug_loc     0x00000038       0x7c startup.o

.debug_aranges  0x00000000       0x40
 .debug_aranges
                0x00000000       0x20 main.o
 .debug_aranges
                0x00000020       0x20 startup.o

.debug_line     0x00000000      0x174
 .debug_line    0x00000000       0x7c main.o
 .debug_line    0x0000007c       0xf8 startup.o

.debug_str      0x00000000      0x1e5
 .debug_str     0x00000000      0x1e5 main.o
                                0x104 (size before relaxing)
 .debug_str     0x000001e5      0x217 startup.o

.comment        0x00000000       0x46
 .comment       0x00000000       0x46 main.o
                                 0x47 (size before relaxing)
 .comment       0x00000046       0x47 startup.o

.ARM.attributes
                0x00000000       0x2e
 .ARM.attributes
                0x00000000       0x2e main.o
 .ARM.attributes
                0x0000002e       0x2e startup.o

.debug_frame    0x00000000       0x7c
 .debug_frame   0x00000000       0x2c main.o
 .debug_frame   0x0000002c       0x50 startup.o
