
There are no discarded input sections

Memory Configuration

Name             Origin             Length             Attributes
flash            0x08000000         0x00020000         xr
SRAM             0x20000000         0x00005000         xrw
*default*        0x00000000         0xffffffff

Linker script and memory map


.text           0x08000000      0x38c
 *(.vectors*)
 .vectors       0x08000000       0x1c startup.o
                0x08000000                vectors
 *(.text*)
 .text          0x0800001c       0x8c Alarm_Actu.o
                0x0800001c                AA_Init
                0x08000028                ST_AA_off
                0x08000040                ST_AA_on
                0x08000058                Start_Alarm
                0x08000074                Stop_Alarm
                0x08000090                ST_AA_waiting
 .text          0x080000a8       0x80 Alarm_Mon.o
                0x080000a8                ST_AM_on
                0x080000c0                ST_AM_off
                0x080000d8                ST_AM_waiting
                0x0800010c                High_Pressure_Detected
 .text          0x08000128       0xc4 driver.o
                0x08000128                Delay
                0x0800014a                getPressureVal
                0x08000160                Set_Alarm_actuator
                0x0800019c                GPIO_INITIALIZATION
 .text          0x080001ec       0x5c main.o
                0x080001ec                setup
                0x08000234                main
 .text          0x08000248       0x54 Main_Algo.o
                0x08000248                Set_Pressure_VAL
                0x08000284                ST_MA_check_pressure
 .text          0x0800029c       0x60 PS_Driver.o
                0x0800029c                PS_Init
                0x080002a8                ST_PS_reading
                0x080002e4                ST_PS_waiting
 .text          0x080002fc       0x90 startup.o
                0x080002fc                Reset_Handler
                0x08000380                MM_Fault_Handler
                0x08000380                Bus_Fault
                0x08000380                Default_Handler
                0x08000380                H_fault_Handler
                0x08000380                Usage_Fault_Handler
                0x08000380                NMI_Handler
 *(.rodata)
                0x0800038c                        _E_text = .

.glue_7         0x0800038c        0x0
 .glue_7        0x0800038c        0x0 linker stubs

.glue_7t        0x0800038c        0x0
 .glue_7t       0x0800038c        0x0 linker stubs

.vfp11_veneer   0x0800038c        0x0
 .vfp11_veneer  0x0800038c        0x0 linker stubs

.v4_bx          0x0800038c        0x0
 .v4_bx         0x0800038c        0x0 linker stubs

.iplt           0x0800038c        0x0
 .iplt          0x0800038c        0x0 Alarm_Actu.o

.rel.dyn        0x0800038c        0x0
 .rel.iplt      0x0800038c        0x0 Alarm_Actu.o

.data           0x20000000        0x8 load address 0x0800038c
                0x20000000                        _S_DATA = .
 *(.data)
 .data          0x20000000        0x0 Alarm_Actu.o
 .data          0x20000000        0x4 Alarm_Mon.o
 .data          0x20000004        0x0 driver.o
 .data          0x20000004        0x0 main.o
 .data          0x20000004        0x4 Main_Algo.o
 .data          0x20000008        0x0 PS_Driver.o
 .data          0x20000008        0x0 startup.o
                0x20000008                        . = ALIGN (0x4)
                0x20000008                        _E_DATA = .

.igot.plt       0x20000008        0x0 load address 0x08000394
 .igot.plt      0x20000008        0x0 Alarm_Actu.o

.bss            0x20000008     0x1028 load address 0x08000394
                0x20000008                        _S_bss = .
 *(.bss)
 .bss           0x20000008        0x8 Alarm_Actu.o
                0x20000008                AA_State_ID
                0x2000000c                AA_State
 .bss           0x20000010        0x8 Alarm_Mon.o
                0x20000010                AM_State_ID
                0x20000014                AM_State
 .bss           0x20000018        0x0 driver.o
 .bss           0x20000018        0x0 main.o
 .bss           0x20000018        0xc Main_Algo.o
                0x2000001c                MA_State_ID
                0x20000020                MA_State
 .bss           0x20000024        0xc PS_Driver.o
                0x20000028                PS_State_ID
                0x2000002c                PS_State
 .bss           0x20000030        0x0 startup.o
                0x20000030                        _E_bss = .
                0x20000030                        . = ALIGN (0x4)
                0x20001030                        . = (. + 0x1000)
 *fill*         0x20000030     0x1000 
                0x20001030                        _stack_top = .
LOAD Alarm_Actu.o
LOAD Alarm_Mon.o
LOAD driver.o
LOAD main.o
LOAD Main_Algo.o
LOAD PS_Driver.o
LOAD startup.o
OUTPUT(Project01_Pressure_Controller.elf elf32-littlearm)
LOAD linker stubs

.debug_info     0x00000000      0xa29
 .debug_info    0x00000000      0x179 Alarm_Actu.o
 .debug_info    0x00000179      0x197 Alarm_Mon.o
 .debug_info    0x00000310      0x112 driver.o
 .debug_info    0x00000422      0x174 main.o
 .debug_info    0x00000596      0x15d Main_Algo.o
 .debug_info    0x000006f3      0x16f PS_Driver.o
 .debug_info    0x00000862      0x1c7 startup.o

.debug_abbrev   0x00000000      0x623
 .debug_abbrev  0x00000000       0xc9 Alarm_Actu.o
 .debug_abbrev  0x000000c9       0xfc Alarm_Mon.o
 .debug_abbrev  0x000001c5       0xc3 driver.o
 .debug_abbrev  0x00000288       0xb3 main.o
 .debug_abbrev  0x0000033b       0xf3 Main_Algo.o
 .debug_abbrev  0x0000042e       0xfe PS_Driver.o
 .debug_abbrev  0x0000052c       0xf7 startup.o

.debug_loc      0x00000000      0x5a4
 .debug_loc     0x00000000      0x168 Alarm_Actu.o
 .debug_loc     0x00000168       0xe0 Alarm_Mon.o
 .debug_loc     0x00000248      0x140 driver.o
 .debug_loc     0x00000388       0x58 main.o
 .debug_loc     0x000003e0       0x94 Main_Algo.o
 .debug_loc     0x00000474       0xb4 PS_Driver.o
 .debug_loc     0x00000528       0x7c startup.o

.debug_aranges  0x00000000       0xe0
 .debug_aranges
                0x00000000       0x20 Alarm_Actu.o
 .debug_aranges
                0x00000020       0x20 Alarm_Mon.o
 .debug_aranges
                0x00000040       0x20 driver.o
 .debug_aranges
                0x00000060       0x20 main.o
 .debug_aranges
                0x00000080       0x20 Main_Algo.o
 .debug_aranges
                0x000000a0       0x20 PS_Driver.o
 .debug_aranges
                0x000000c0       0x20 startup.o

.debug_line     0x00000000      0x5cd
 .debug_line    0x00000000       0x82 Alarm_Actu.o
 .debug_line    0x00000082       0xed Alarm_Mon.o
 .debug_line    0x0000016f       0xf4 driver.o
 .debug_line    0x00000263       0xa3 main.o
 .debug_line    0x00000306       0xdf Main_Algo.o
 .debug_line    0x000003e5       0xf0 PS_Driver.o
 .debug_line    0x000004d5       0xf8 startup.o

.debug_str      0x00000000      0x40e
 .debug_str     0x00000000      0x40e Alarm_Actu.o
                                0x216 (size before relaxing)
 .debug_str     0x0000040e      0x230 Alarm_Mon.o
 .debug_str     0x0000040e      0x1db driver.o
 .debug_str     0x0000040e      0x223 main.o
 .debug_str     0x0000040e      0x218 Main_Algo.o
 .debug_str     0x0000040e      0x210 PS_Driver.o
 .debug_str     0x0000040e      0x215 startup.o

.comment        0x00000000       0x46
 .comment       0x00000000       0x46 Alarm_Actu.o
                                 0x47 (size before relaxing)
 .comment       0x00000046       0x47 Alarm_Mon.o
 .comment       0x00000046       0x47 driver.o
 .comment       0x00000046       0x47 main.o
 .comment       0x00000046       0x47 Main_Algo.o
 .comment       0x00000046       0x47 PS_Driver.o
 .comment       0x00000046       0x47 startup.o

.ARM.attributes
                0x00000000       0x2d
 .ARM.attributes
                0x00000000       0x2d Alarm_Actu.o
 .ARM.attributes
                0x0000002d       0x2d Alarm_Mon.o
 .ARM.attributes
                0x0000005a       0x2d driver.o
 .ARM.attributes
                0x00000087       0x2d main.o
 .ARM.attributes
                0x000000b4       0x2d Main_Algo.o
 .ARM.attributes
                0x000000e1       0x2d PS_Driver.o
 .ARM.attributes
                0x0000010e       0x2d startup.o

.debug_frame    0x00000000      0x348
 .debug_frame   0x00000000       0xc8 Alarm_Actu.o
 .debug_frame   0x000000c8       0x88 Alarm_Mon.o
 .debug_frame   0x00000150       0xa0 driver.o
 .debug_frame   0x000001f0       0x48 main.o
 .debug_frame   0x00000238       0x54 Main_Algo.o
 .debug_frame   0x0000028c       0x6c PS_Driver.o
 .debug_frame   0x000002f8       0x50 startup.o
